#
# There is insufficient memory for the Java Runtime Environment to continue.
# Native memory allocation (malloc) failed to allocate 1048576 bytes. Error detail: AllocateHeap
# Possible reasons:
#   The system is out of physical RAM or swap space
#   This process is running with CompressedOops enabled, and the Java Heap may be blocking the growth of the native heap
# Possible solutions:
#   Reduce memory load on the system
#   Increase physical memory or swap space
#   Check if swap backing store is full
#   Decrease Java heap size (-Xmx/-Xms)
#   Decrease number of Java threads
#   Decrease Java thread stack sizes (-Xss)
#   Set larger code cache with -XX:ReservedCodeCacheSize=
#   JVM is running with Unscaled Compressed Oops mode in which the Java heap is
#     placed in the first 4GB address space. The Java Heap base address is the
#     maximum limit for the native heap growth. Please use -XX:HeapBaseMinAddress
#     to set the Java Heap base and to place the Java Heap above 4GB virtual address.
# This output file may be truncated or incomplete.
#
#  Out of Memory Error (allocation.cpp:44), pid=15220, tid=7864
#
# JRE version: OpenJDK Runtime Environment Temurin-21.0.12.1+1 (21.0.12.1+1) (build 21.0.12.1+1-LTS)
# Java VM: OpenJDK 64-Bit Server VM Temurin-21.0.12.1+1 (21.0.12.1+1-LTS, mixed mode, sharing, tiered, compressed oops, compressed class ptrs, parallel gc, windows-amd64)
# No core dump will be written. Minidumps are not enabled by default on client versions of Windows
#

---------------  S U M M A R Y ------------

Command Line: --add-modules=ALL-SYSTEM --add-opens=java.base/java.util=ALL-UNNAMED --add-opens=java.base/java.lang=ALL-UNNAMED --add-opens=java.base/sun.nio.fs=ALL-UNNAMED -Declipse.application=org.eclipse.jdt.ls.core.id1 -Dosgi.bundles.defaultStartLevel=4 -Declipse.product=org.eclipse.jdt.ls.core.product -Djava.import.generatesMetadataFilesAtProjectRoot=false -Dm2e.project.cache.size=50 -DDetectVMInstallationsJob.disabled=true -Dfile.encoding=utf8 -XX:+UseParallelGC -XX:GCTimeRatio=4 -XX:AdaptiveSizePolicyWeight=90 -Dsun.zip.disableMemoryMapping=true -Xmx2G -Xms100m -Xlog:disable -javaagent:c:\Users\Dinopc\.vscode\extensions\redhat.java-1.56.0-win32-x64\lombok\lombok-1.18.39-4050.jar -XX:+HeapDumpOnOutOfMemoryError -XX:HeapDumpPath=c:\Users\Dinopc\AppData\Roaming\Code\User\workspaceStorage\01a045f455d53a8d5e899ab1d5eeb0e8\redhat.java -Daether.dependencyCollector.impl=bf c:\Users\Dinopc\.vscode\extensions\redhat.java-1.56.0-win32-x64\server\plugins\org.eclipse.equinox.launcher_1.8.0.v20260804-1928.jar -configuration c:\Users\Dinopc\AppData\Roaming\Code\User\globalStorage\redhat.java\1.56.0\config_win -data c:\Users\Dinopc\AppData\Roaming\Code\User\workspaceStorage\01a045f455d53a8d5e899ab1d5eeb0e8\redhat.java\jdt_ws --stdio

Host: Intel(R) Core(TM) i5-8400 CPU @ 2.80GHz, 6 cores, 7G,  Windows 11 , 64 bit Build 26100 (10.0.26100.9444)
Time: Sun Sep 20 17:43:19 2026 E. South America Standard Time elapsed time: 746.334377 seconds (0d 0h 12m 26s)

---------------  T H R E A D  ---------------

Current thread (0x0000029323a27420):  JavaThread "Attach Listener" daemon [_thread_in_vm, id=7864, stack(0x000000a649900000,0x000000a649a00000) (1024K)]

Stack: [0x000000a649900000,0x000000a649a00000]
Native frames: (J=compiled Java code, j=interpreted, Vv=VM code, C=native code)
V  [jvm.dll+0x6d83e9]
V  [jvm.dll+0x8b5736]
V  [jvm.dll+0x8b7cee]
V  [jvm.dll+0x8b83d3]
V  [jvm.dll+0x284596]
V  [jvm.dll+0xc13c7]
V  [jvm.dll+0x6d8c99]
V  [jvm.dll+0x133616]
V  [jvm.dll+0x3f8aae]
V  [jvm.dll+0x8600cd]
V  [jvm.dll+0x6d6c1d]
C  [ucrtbase.dll+0x2cd30]
C  [KERNEL32.DLL+0x2cd87]
C  [ntdll.dll+0xacaec]


---------------  P R O C E S S  ---------------

Threads class SMR info:
_java_thread_list=0x000002936edb6260, length=51, elements={
0x000002930b334120, 0x0000029323a1cf90, 0x0000029323a21290, 0x0000029323a24050,
0x0000029323a27420, 0x0000029323a29430, 0x0000029323a388e0, 0x0000029323a603f0,
0x0000029323a65b60, 0x000002936a1feaa0, 0x000002936a303ef0, 0x000002936a9a3450,
0x000002936a8c60d0, 0x000002936a8c5a40, 0x000002936a8c7480, 0x000002936a8c7b10,
0x000002936a8c6760, 0x000002936a8c8830, 0x000002936a8c81a0, 0x000002936a8c8ec0,
0x000002936d56cb90, 0x000002936d56a430, 0x000002936d56aac0, 0x000002936d56b150,
0x000002936ec02d30, 0x000002936ec08910, 0x000002936ec08280, 0x000002936ec01980,
0x000002936ec06ed0, 0x000002936ec07560, 0x000002936ec07bf0, 0x000002936d56b7e0,
0x000002936cc6e960, 0x000002936cc6bb70, 0x000002936cc6c200, 0x000002936cc6c890,
0x000002936d56be70, 0x000002936d569da0, 0x000002936d56c500, 0x000002936ec08fa0,
0x000002936a8c6df0, 0x000002936cbc0950, 0x000002936cbc1d00, 0x000002936cbc2390,
0x000002936cbc1670, 0x000002936cbc02c0, 0x000002936cbbef10, 0x000002936cbc3740,
0x000002936cbc5ea0, 0x000002936cbc0fe0, 0x000002936cbc2a20
}

Java Threads: ( => current thread )
  0x000002930b334120 JavaThread "main"                              [_thread_blocked, id=14132, stack(0x000000a649200000,0x000000a649300000) (1024K)]
  0x0000029323a1cf90 JavaThread "Reference Handler"          daemon [_thread_blocked, id=6736, stack(0x000000a649600000,0x000000a649700000) (1024K)]
  0x0000029323a21290 JavaThread "Finalizer"                  daemon [_thread_blocked, id=17012, stack(0x000000a649700000,0x000000a649800000) (1024K)]
  0x0000029323a24050 JavaThread "Signal Dispatcher"          daemon [_thread_blocked, id=7000, stack(0x000000a649800000,0x000000a649900000) (1024K)]
=>0x0000029323a27420 JavaThread "Attach Listener"            daemon [_thread_in_vm, id=7864, stack(0x000000a649900000,0x000000a649a00000) (1024K)]
  0x0000029323a29430 JavaThread "Service Thread"             daemon [_thread_blocked, id=5272, stack(0x000000a649a00000,0x000000a649b00000) (1024K)]
  0x0000029323a388e0 JavaThread "Monitor Deflation Thread"   daemon [_thread_blocked, id=13960, stack(0x000000a649b00000,0x000000a649c00000) (1024K)]
  0x0000029323a603f0 JavaThread "C2 CompilerThread0"         daemon [_thread_blocked, id=15068, stack(0x000000a649c00000,0x000000a649d00000) (1024K)]
  0x0000029323a65b60 JavaThread "C1 CompilerThread0"         daemon [_thread_blocked, id=16060, stack(0x000000a649d00000,0x000000a649e00000) (1024K)]
  0x000002936a1feaa0 JavaThread "Common-Cleaner"             daemon [_thread_blocked, id=17560, stack(0x000000a649e00000,0x000000a649f00000) (1024K)]
  0x000002936a303ef0 JavaThread "Notification Thread"        daemon [_thread_blocked, id=9204, stack(0x000000a64a000000,0x000000a64a100000) (1024K)]
  0x000002936a9a3450 JavaThread "Active Thread: Equinox Container: 016b9ba8-ecf3-4ff8-b459-2c090ddd22b0"        [_thread_blocked, id=15340, stack(0x000000a64ac00000,0x000000a64ad00000) (1024K)]
  0x000002936a8c60d0 JavaThread "Framework Event Dispatcher: Equinox Container: 016b9ba8-ecf3-4ff8-b459-2c090ddd22b0" daemon [_thread_blocked, id=17620, stack(0x000000a64ad00000,0x000000a64ae00000) (1024K)]
  0x000002936a8c5a40 JavaThread "Start Level: Equinox Container: 016b9ba8-ecf3-4ff8-b459-2c090ddd22b0" daemon [_thread_blocked, id=16008, stack(0x000000a64ae00000,0x000000a64af00000) (1024K)]
  0x000002936a8c7480 JavaThread "Bundle File Closer"         daemon [_thread_blocked, id=9348, stack(0x000000a64af00000,0x000000a64b000000) (1024K)]
  0x000002936a8c7b10 JavaThread "Refresh Thread: Equinox Container: 016b9ba8-ecf3-4ff8-b459-2c090ddd22b0" daemon [_thread_blocked, id=17172, stack(0x000000a64b000000,0x000000a64b100000) (1024K)]
  0x000002936a8c6760 JavaThread "SCR Component Actor"        daemon [_thread_blocked, id=16488, stack(0x000000a64b100000,0x000000a64b200000) (1024K)]
  0x000002936a8c8830 JavaThread "Worker-JM"                         [_thread_blocked, id=4284, stack(0x000000a64b200000,0x000000a64b300000) (1024K)]
  0x000002936a8c81a0 JavaThread "Worker-1: Updating project configurations"        [_thread_blocked, id=2176, stack(0x000000a64b400000,0x000000a64b500000) (1024K)]
  0x000002936a8c8ec0 JavaThread "Java indexing"              daemon [_thread_blocked, id=4516, stack(0x000000a64b500000,0x000000a64b600000) (1024K)]
  0x000002936d56cb90 JavaThread "JNA Cleaner"                daemon [_thread_blocked, id=17024, stack(0x000000a64b700000,0x000000a64b800000) (1024K)]
  0x000002936d56a430 JavaThread "pool-2-thread-1"                   [_thread_blocked, id=5692, stack(0x000000a64be00000,0x000000a64bf00000) (1024K)]
  0x000002936d56aac0 JavaThread "WorkspaceEventsHandler"            [_thread_blocked, id=11992, stack(0x000000a64c000000,0x000000a64c100000) (1024K)]
  0x000002936d56b150 JavaThread "pool-1-thread-1"                   [_thread_in_native, id=3692, stack(0x000000a64c100000,0x000000a64c200000) (1024K)]
  0x000002936ec02d30 JavaThread "ForkJoinPool.commonPool-worker-2" daemon [_thread_blocked, id=14740, stack(0x000000a64a800000,0x000000a64a900000) (1024K)]
  0x000002936ec08910 JavaThread "ForkJoinPool.commonPool-worker-4" daemon [_thread_blocked, id=18316, stack(0x000000a64ab00000,0x000000a64ac00000) (1024K)]
  0x000002936ec08280 JavaThread "PatternSearchJob-worker-1"  daemon [_thread_blocked, id=18320, stack(0x000000a648f00000,0x000000a649000000) (1024K)]
  0x000002936ec01980 JavaThread "PatternSearchJob-worker-2"  daemon [_thread_blocked, id=6504, stack(0x000000a649100000,0x000000a649200000) (1024K)]
  0x000002936ec06ed0 JavaThread "PatternSearchJob-worker-3"  daemon [_thread_blocked, id=10364, stack(0x000000a64aa00000,0x000000a64ab00000) (1024K)]
  0x000002936ec07560 JavaThread "PatternSearchJob-worker-4"  daemon [_thread_blocked, id=4240, stack(0x000000a64bb00000,0x000000a64bc00000) (1024K)]
  0x000002936ec07bf0 JavaThread "PatternSearchJob-worker-5"  daemon [_thread_blocked, id=10148, stack(0x000000a64c300000,0x000000a64c400000) (1024K)]
  0x000002936d56b7e0 JavaThread "ForkJoinPool.commonPool-worker-6" daemon [_thread_blocked, id=3776, stack(0x000000a649000000,0x000000a649100000) (1024K)]
  0x000002936cc6e960 JavaThread "Cleaner-0"                  daemon [_thread_blocked, id=12924, stack(0x000000a64c500000,0x000000a64c600000) (1024K)]
  0x000002936cc6bb70 JavaThread "Java Debug Server"          daemon [_thread_in_native, id=9328, stack(0x000000a64c400000,0x000000a64c500000) (1024K)]
  0x000002936cc6c200 JavaThread "RxSchedulerPurge-1"         daemon [_thread_blocked, id=16776, stack(0x000000a64c700000,0x000000a64c800000) (1024K)]
  0x000002936cc6c890 JavaThread "RxCachedWorkerPoolEvictor-1" daemon [_thread_blocked, id=4592, stack(0x000000a64c800000,0x000000a64c900000) (1024K)]
  0x000002936d56be70 JavaThread "Worker-10"                         [_thread_blocked, id=15820, stack(0x000000a64a700000,0x000000a64a800000) (1024K)]
  0x000002936d569da0 JavaThread "ForkJoinPool.commonPool-worker-7" daemon [_thread_blocked, id=14944, stack(0x000000a64b300000,0x000000a64b400000) (1024K)]
  0x000002936d56c500 JavaThread "ForkJoinPool.commonPool-worker-8" daemon [_thread_blocked, id=12248, stack(0x000000a64b600000,0x000000a64b700000) (1024K)]
  0x000002936ec08fa0 JavaThread "Compiler Source File Reader" daemon [_thread_blocked, id=14860, stack(0x000000a64c600000,0x000000a64c700000) (1024K)]
  0x000002936a8c6df0 JavaThread "Compiler Source File Reader" daemon [_thread_blocked, id=7156, stack(0x000000a64c900000,0x000000a64ca00000) (1024K)]
  0x000002936cbc0950 JavaThread "Compiler Source File Reader" daemon [_thread_blocked, id=16468, stack(0x000000a64ca00000,0x000000a64cb00000) (1024K)]
  0x000002936cbc1d00 JavaThread "Compiler Source File Reader" daemon [_thread_blocked, id=6060, stack(0x000000a64cb00000,0x000000a64cc00000) (1024K)]
  0x000002936cbc2390 JavaThread "Compiler Class File Writer" daemon [_thread_blocked, id=4952, stack(0x000000a64cc00000,0x000000a64cd00000) (1024K)]
  0x000002936cbc1670 JavaThread "Compiler Class File Writer" daemon [_thread_blocked, id=16964, stack(0x000000a64cd00000,0x000000a64ce00000) (1024K)]
  0x000002936cbc02c0 JavaThread "Compiler Class File Writer" daemon [_thread_blocked, id=5032, stack(0x000000a64bf00000,0x000000a64c000000) (1024K)]
  0x000002936cbbef10 JavaThread "Compiler Class File Writer" daemon [_thread_blocked, id=17472, stack(0x000000a64ce00000,0x000000a64cf00000) (1024K)]
  0x000002936cbc3740 JavaThread "LocalFile Deleter"          daemon [_thread_blocked, id=5216, stack(0x000000a64d300000,0x000000a64d400000) (1024K)]
  0x000002936cbc5ea0 JavaThread "LocalFile Deleter"          daemon [_thread_blocked, id=17384, stack(0x000000a64d400000,0x000000a64d500000) (1024K)]
  0x000002936cbc0fe0 JavaThread "Worker-13"                         [_thread_blocked, id=12052, stack(0x000000a64a600000,0x000000a64a700000) (1024K)]
  0x000002936cbc2a20 JavaThread "Worker-14: Building"               [_thread_blocked, id=2548, stack(0x000000a649f00000,0x000000a64a000000) (1024K)]
Total: 51

Other Threads:
  0x000002930b3d3b50 VMThread "VM Thread"                           [id=4260, stack(0x000000a649500000,0x000000a649600000) (1024K)] _threads_hazard_ptr=0x000002936edb6260
  0x000002932396ca00 WatcherThread "VM Periodic Task Thread"        [id=15196, stack(0x000000a649400000,0x000000a649500000) (1024K)]
  0x000002930b353770 WorkerThread "GC Thread#0"                     [id=3848, stack(0x000000a649300000,0x000000a649400000) (1024K)]
  0x000002936aa41d40 WorkerThread "GC Thread#1"                     [id=11952, stack(0x000000a64a100000,0x000000a64a200000) (1024K)]
  0x000002936a4aa550 WorkerThread "GC Thread#2"                     [id=4148, stack(0x000000a64a200000,0x000000a64a300000) (1024K)]
  0x000002936a4aecb0 WorkerThread "GC Thread#3"                     [id=4524, stack(0x000000a64a300000,0x000000a64a400000) (1024K)]
  0x000002936a4af060 WorkerThread "GC Thread#4"                     [id=16364, stack(0x000000a64a400000,0x000000a64a500000) (1024K)]
  0x000002936a4af410 WorkerThread "GC Thread#5"                     [id=2924, stack(0x000000a64a500000,0x000000a64a600000) (1024K)]
Total: 8

Threads with active compile tasks:
Total: 0

VM state: synchronizing (normal execution)

VM Mutex/Monitor currently owned by a thread:  ([mutex/lock_event])
[0x00007ffbe7baf5b0] Threads_lock - owner thread: 0x000002930b3d3b50

Heap address: 0x0000000080000000, size: 2048 MB, Compressed Oops mode: 32-bit

CDS archive(s) mapped at: [0x0000029324000000-0x0000029324ba0000-0x0000029324ba0000), size 12189696, SharedBaseAddress: 0x0000029324000000, ArchiveRelocationMode: 1.
Compressed class space mapped at: 0x0000029325000000-0x0000029365000000, reserved size: 1073741824
Narrow klass base: 0x0000029324000000, Narrow klass shift: 0, Narrow klass range: 0x100000000

GC Precious Log:
 CardTable entry size: 512
 CPUs: 6 total, 6 available
 Memory: 8116M
 Large Page Support: Disabled
 NUMA Support: Disabled
 Compressed Oops: Enabled (32-bit)
 Alignments: Space 512K, Generation 512K, Heap 2M
 Heap Min Capacity: 100M
 Heap Initial Capacity: 100M
 Heap Max Capacity: 2G
 Pre-touch: Disabled
 Parallel Workers: 6

Heap:
 PSYoungGen      total 181760K, used 42716K [0x00000000d5580000, 0x00000000e1080000, 0x0000000100000000)
  eden space 176128K, 21% used [0x00000000d5580000,0x00000000d79bb2a0,0x00000000e0180000)
  from space 5632K, 99% used [0x00000000e0580000,0x00000000e0afc010,0x00000000e0b00000)
  to   space 3072K, 0% used [0x00000000e0d80000,0x00000000e0d80000,0x00000000e1080000)
 ParOldGen       total 884224K, used 654929K [0x0000000080000000, 0x00000000b5f80000, 0x00000000d5580000)
  object space 884224K, 74% used [0x0000000080000000,0x00000000a7f946b8,0x00000000b5f80000)
 Metaspace       used 91166K, committed 93184K, reserved 1179648K
  class space    used 9603K, committed 10496K, reserved 1048576K

Card table byte_map: [0x000002931edd0000,0x000002931f1e0000] _byte_map_base: 0x000002931e9d0000

Marking Bits: (ParMarkBitMap*) 0x00007ffbe7bb44a0
 Begin Bits: [0x000002931f490000, 0x0000029321490000)
 End Bits:   [0x0000029321490000, 0x0000029323490000)

Polling page: 0x000002930b030000

Metaspace:

Usage:
  Non-class:     79.65 MB used.
      Class:      9.38 MB used.
       Both:     89.03 MB used.

Virtual space:
  Non-class space:      128.00 MB reserved,      80.75 MB ( 63%) committed,  2 nodes.
      Class space:        1.00 GB reserved,      10.25 MB (  1%) committed,  1 nodes.
             Both:        1.12 GB reserved,      91.00 MB (  8%) committed. 

Chunk freelists:
   Non-Class:  14.80 MB
       Class:  5.72 MB
        Both:  20.52 MB

MaxMetaspaceSize: unlimited
CompressedClassSpaceSize: 1.00 GB
Initial GC threshold: 21.00 MB
Current GC threshold: 142.50 MB
CDS: on
 - commit_granule_bytes: 65536.
 - commit_granule_words: 8192.
 - virtual_space_node_default_size: 8388608.
 - enlarge_chunks_in_place: 1.
 - use_allocation_guard: 0.


Internal statistics:

num_allocs_failed_limit: 9.
num_arena_births: 1824.
num_arena_deaths: 16.
num_vsnodes_births: 3.
num_vsnodes_deaths: 0.
num_space_committed: 1458.
num_space_uncommitted: 2.
num_chunks_returned_to_freelist: 44.
num_chunks_taken_from_freelist: 6132.
num_chunk_merges: 13.
num_chunk_splits: 3753.
num_chunks_enlarged: 2178.
num_inconsistent_stats: 0.

CodeHeap 'non-profiled nmethods': size=120000Kb used=22049Kb max_used=22049Kb free=97950Kb
 bounds [0x00000293176c0000, 0x0000029318c50000, 0x000002931ebf0000]
CodeHeap 'profiled nmethods': size=120000Kb used=45541Kb max_used=45541Kb free=74458Kb
 bounds [0x000002930fbf0000, 0x0000029312870000, 0x0000029317120000]
CodeHeap 'non-nmethods': size=5760Kb used=1532Kb max_used=1660Kb free=4227Kb
 bounds [0x0000029317120000, 0x0000029317390000, 0x00000293176c0000]
CodeCache: size=245760Kb, used=69122Kb, max_used=69250Kb, free=176635Kb
 total_blobs=19543, nmethods=18684, adapters=759, full_count=0
Compilation: enabled, stopped_count=0, restarted_count=0

Compilation events (20 events):
Event: 745.134 Thread 0x0000029323a65b60 20655       1       com.google.common.cache.LocalCache$AccessQueue$1::getPreviousInAccessQueue (5 bytes)
Event: 745.134 Thread 0x0000029323a65b60 nmethod 20655 0x0000029318c3f690 code [0x0000029318c3f820, 0x0000029318c3f8e8]
Event: 745.134 Thread 0x0000029323a65b60 20656       1       com.google.common.cache.LocalCache$StrongAccessEntry::setPreviousInAccessQueue (6 bytes)
Event: 745.134 Thread 0x0000029323a65b60 nmethod 20656 0x0000029318c3f990 code [0x0000029318c3fb20, 0x0000029318c3fc00]
Event: 745.134 Thread 0x0000029323a65b60 20657       1       com.google.common.cache.LocalCache$StrongAccessEntry::setNextInAccessQueue (6 bytes)
Event: 745.134 Thread 0x0000029323a65b60 nmethod 20657 0x0000029318c3fc90 code [0x0000029318c3fe20, 0x0000029318c3ff00]
Event: 745.134 Thread 0x0000029323a603f0 20658   !   4       com.google.common.cache.LocalCache$Segment::get (210 bytes)
Event: 745.136 Thread 0x0000029323a65b60 20660       3       java.util.TreeMap$Values::iterator (19 bytes)
Event: 745.136 Thread 0x0000029323a65b60 nmethod 20660 0x0000029312862e90 code [0x0000029312863060, 0x0000029312863470]
Event: 745.136 Thread 0x0000029323a65b60 20661       3       java.util.TreeMap$ValueIterator::<init> (7 bytes)
Event: 745.136 Thread 0x0000029323a65b60 nmethod 20661 0x0000029312863690 code [0x0000029312863840, 0x0000029312863a58]
Event: 745.137 Thread 0x0000029323a65b60 20662   !   3       org.eclipse.m2e.core.internal.lifecyclemapping.AnnotationMappingMetadataSource::parsePIs (469 bytes)
Event: 745.140 Thread 0x0000029323a65b60 nmethod 20662 0x0000029312863b90 code [0x00000293128641a0, 0x00000293128675e0]
Event: 745.207 Thread 0x0000029323a603f0 nmethod 20658 0x0000029318c3ff90 code [0x0000029318c40600, 0x0000029318c439c0]
Event: 745.208 Thread 0x0000029323a603f0 20659       4       com.google.common.cache.LocalCache::get (21 bytes)
Event: 745.210 Thread 0x0000029323a603f0 nmethod 20659 0x0000029318c46a10 code [0x0000029318c46be0, 0x0000029318c46ed0]
Event: 745.632 Thread 0x0000029323a603f0 20663   !   4       java.io.BufferedWriter::write (82 bytes)
Event: 745.638 Thread 0x0000029323a603f0 nmethod 20663 0x0000029318c47190 code [0x0000029318c473c0, 0x0000029318c47c88]
Event: 745.695 Thread 0x0000029323a65b60 20664       3       sun.nio.cs.ISO_8859_1$Encoder::implEncodeISOArray (47 bytes)
Event: 745.695 Thread 0x0000029323a65b60 nmethod 20664 0x0000029312869010 code [0x00000293128691c0, 0x00000293128693f8]

GC Heap History (20 events):
Event: 498.626 GC heap before
{Heap before GC invocations=2192 (full 4):
 PSYoungGen      total 92160K, used 83456K [0x00000000d5580000, 0x00000000dc300000, 0x0000000100000000)
  eden space 75264K, 100% used [0x00000000d5580000,0x00000000d9f00000,0x00000000d9f00000)
  from space 16896K, 48% used [0x00000000d9f00000,0x00000000da700000,0x00000000daf80000)
  to   space 10752K, 0% used [0x00000000db880000,0x00000000db880000,0x00000000dc300000)
 ParOldGen       total 884224K, used 569709K [0x0000000080000000, 0x00000000b5f80000, 0x00000000d5580000)
  object space 884224K, 64% used [0x0000000080000000,0x00000000a2c5b620,0x00000000b5f80000)
 Metaspace       used 89224K, committed 91200K, reserved 1179648K
  class space    used 9495K, committed 10368K, reserved 1048576K
}
Event: 499.243 GC heap after
{Heap after GC invocations=2192 (full 4):
 PSYoungGen      total 98816K, used 8160K [0x00000000d5580000, 0x00000000dc080000, 0x0000000100000000)
  eden space 90624K, 0% used [0x00000000d5580000,0x00000000d5580000,0x00000000dae00000)
  from space 8192K, 99% used [0x00000000db880000,0x00000000dc078000,0x00000000dc080000)
  to   space 8704K, 0% used [0x00000000daf80000,0x00000000daf80000,0x00000000db800000)
 ParOldGen       total 884224K, used 577701K [0x0000000080000000, 0x00000000b5f80000, 0x00000000d5580000)
  object space 884224K, 65% used [0x0000000080000000,0x00000000a3429620,0x00000000b5f80000)
 Metaspace       used 89224K, committed 91200K, reserved 1179648K
  class space    used 9495K, committed 10368K, reserved 1048576K
}
Event: 500.447 GC heap before
{Heap before GC invocations=2193 (full 4):
 PSYoungGen      total 98816K, used 98784K [0x00000000d5580000, 0x00000000dc080000, 0x0000000100000000)
  eden space 90624K, 100% used [0x00000000d5580000,0x00000000dae00000,0x00000000dae00000)
  from space 8192K, 99% used [0x00000000db880000,0x00000000dc078000,0x00000000dc080000)
  to   space 8704K, 0% used [0x00000000daf80000,0x00000000daf80000,0x00000000db800000)
 ParOldGen       total 884224K, used 577701K [0x0000000080000000, 0x00000000b5f80000, 0x00000000d5580000)
  object space 884224K, 65% used [0x0000000080000000,0x00000000a3429620,0x00000000b5f80000)
 Metaspace       used 89225K, committed 91200K, reserved 1179648K
  class space    used 9495K, committed 10368K, reserved 1048576K
}
Event: 502.096 GC heap after
{Heap after GC invocations=2193 (full 4):
 PSYoungGen      total 100864K, used 8704K [0x00000000d5580000, 0x00000000de400000, 0x0000000100000000)
  eden space 92160K, 0% used [0x00000000d5580000,0x00000000d5580000,0x00000000daf80000)
  from space 8704K, 100% used [0x00000000daf80000,0x00000000db800000,0x00000000db800000)
  to   space 18432K, 0% used [0x00000000dd200000,0x00000000dd200000,0x00000000de400000)
 ParOldGen       total 884224K, used 585835K [0x0000000080000000, 0x00000000b5f80000, 0x00000000d5580000)
  object space 884224K, 66% used [0x0000000080000000,0x00000000a3c1ac18,0x00000000b5f80000)
 Metaspace       used 89225K, committed 91200K, reserved 1179648K
  class space    used 9495K, committed 10368K, reserved 1048576K
}
Event: 502.772 GC heap before
{Heap before GC invocations=2194 (full 4):
 PSYoungGen      total 100864K, used 100864K [0x00000000d5580000, 0x00000000de400000, 0x0000000100000000)
  eden space 92160K, 100% used [0x00000000d5580000,0x00000000daf80000,0x00000000daf80000)
  from space 8704K, 100% used [0x00000000daf80000,0x00000000db800000,0x00000000db800000)
  to   space 18432K, 0% used [0x00000000dd200000,0x00000000dd200000,0x00000000de400000)
 ParOldGen       total 884224K, used 585835K [0x0000000080000000, 0x00000000b5f80000, 0x00000000d5580000)
  object space 884224K, 66% used [0x0000000080000000,0x00000000a3c1ac18,0x00000000b5f80000)
 Metaspace       used 89236K, committed 91200K, reserved 1179648K
  class space    used 9495K, committed 10368K, reserved 1048576K
}
Event: 503.706 GC heap after
{Heap after GC invocations=2194 (full 4):
 PSYoungGen      total 125440K, used 14560K [0x00000000d5580000, 0x00000000de080000, 0x0000000100000000)
  eden space 110592K, 0% used [0x00000000d5580000,0x00000000d5580000,0x00000000dc180000)
  from space 14848K, 98% used [0x00000000dd200000,0x00000000de038018,0x00000000de080000)
  to   space 15360K, 0% used [0x00000000dc280000,0x00000000dc280000,0x00000000dd180000)
 ParOldGen       total 884224K, used 594259K [0x0000000080000000, 0x00000000b5f80000, 0x00000000d5580000)
  object space 884224K, 67% used [0x0000000080000000,0x00000000a4454c18,0x00000000b5f80000)
 Metaspace       used 89236K, committed 91200K, reserved 1179648K
  class space    used 9495K, committed 10368K, reserved 1048576K
}
Event: 507.638 GC heap before
{Heap before GC invocations=2195 (full 4):
 PSYoungGen      total 125440K, used 125152K [0x00000000d5580000, 0x00000000de080000, 0x0000000100000000)
  eden space 110592K, 100% used [0x00000000d5580000,0x00000000dc180000,0x00000000dc180000)
  from space 14848K, 98% used [0x00000000dd200000,0x00000000de038018,0x00000000de080000)
  to   space 15360K, 0% used [0x00000000dc280000,0x00000000dc280000,0x00000000dd180000)
 ParOldGen       total 884224K, used 594259K [0x0000000080000000, 0x00000000b5f80000, 0x00000000d5580000)
  object space 884224K, 67% used [0x0000000080000000,0x00000000a4454c18,0x00000000b5f80000)
 Metaspace       used 89238K, committed 91200K, reserved 1179648K
  class space    used 9495K, committed 10368K, reserved 1048576K
}
Event: 508.096 GC heap after
{Heap after GC invocations=2195 (full 4):
 PSYoungGen      total 126976K, used 10704K [0x00000000d5580000, 0x00000000def80000, 0x0000000100000000)
  eden space 111616K, 0% used [0x00000000d5580000,0x00000000d5580000,0x00000000dc280000)
  from space 15360K, 69% used [0x00000000dc280000,0x00000000dccf4010,0x00000000dd180000)
  to   space 12288K, 0% used [0x00000000de380000,0x00000000de380000,0x00000000def80000)
 ParOldGen       total 884224K, used 608383K [0x0000000080000000, 0x00000000b5f80000, 0x00000000d5580000)
  object space 884224K, 68% used [0x0000000080000000,0x00000000a521ffe0,0x00000000b5f80000)
 Metaspace       used 89238K, committed 91200K, reserved 1179648K
  class space    used 9495K, committed 10368K, reserved 1048576K
}
Event: 512.225 GC heap before
{Heap before GC invocations=2196 (full 4):
 PSYoungGen      total 126976K, used 122320K [0x00000000d5580000, 0x00000000def80000, 0x0000000100000000)
  eden space 111616K, 100% used [0x00000000d5580000,0x00000000dc280000,0x00000000dc280000)
  from space 15360K, 69% used [0x00000000dc280000,0x00000000dccf4010,0x00000000dd180000)
  to   space 12288K, 0% used [0x00000000de380000,0x00000000de380000,0x00000000def80000)
 ParOldGen       total 884224K, used 608383K [0x0000000080000000, 0x00000000b5f80000, 0x00000000d5580000)
  object space 884224K, 68% used [0x0000000080000000,0x00000000a521ffe0,0x00000000b5f80000)
 Metaspace       used 89239K, committed 91200K, reserved 1179648K
  class space    used 9495K, committed 10368K, reserved 1048576K
}
Event: 514.236 GC heap after
{Heap after GC invocations=2196 (full 4):
 PSYoungGen      total 138752K, used 4192K [0x00000000d5580000, 0x00000000de800000, 0x0000000100000000)
  eden space 134144K, 0% used [0x00000000d5580000,0x00000000d5580000,0x00000000dd880000)
  from space 4608K, 90% used [0x00000000de380000,0x00000000de798078,0x00000000de800000)
  to   space 7168K, 0% used [0x00000000dda00000,0x00000000dda00000,0x00000000de100000)
 ParOldGen       total 884224K, used 618655K [0x0000000080000000, 0x00000000b5f80000, 0x00000000d5580000)
  object space 884224K, 69% used [0x0000000080000000,0x00000000a5c27ff0,0x00000000b5f80000)
 Metaspace       used 89239K, committed 91200K, reserved 1179648K
  class space    used 9495K, committed 10368K, reserved 1048576K
}
Event: 514.708 GC heap before
{Heap before GC invocations=2197 (full 4):
 PSYoungGen      total 138752K, used 138336K [0x00000000d5580000, 0x00000000de800000, 0x0000000100000000)
  eden space 134144K, 100% used [0x00000000d5580000,0x00000000dd880000,0x00000000dd880000)
  from space 4608K, 90% used [0x00000000de380000,0x00000000de798078,0x00000000de800000)
  to   space 7168K, 0% used [0x00000000dda00000,0x00000000dda00000,0x00000000de100000)
 ParOldGen       total 884224K, used 618655K [0x0000000080000000, 0x00000000b5f80000, 0x00000000d5580000)
  object space 884224K, 69% used [0x0000000080000000,0x00000000a5c27ff0,0x00000000b5f80000)
 Metaspace       used 89241K, committed 91200K, reserved 1179648K
  class space    used 9495K, committed 10368K, reserved 1048576K
}
Event: 515.691 GC heap after
{Heap after GC invocations=2197 (full 4):
 PSYoungGen      total 142848K, used 6705K [0x00000000d5580000, 0x00000000e0200000, 0x0000000100000000)
  eden space 135680K, 0% used [0x00000000d5580000,0x00000000d5580000,0x00000000dda00000)
  from space 7168K, 93% used [0x00000000dda00000,0x00000000de08c7a0,0x00000000de100000)
  to   space 7680K, 0% used [0x00000000dfa80000,0x00000000dfa80000,0x00000000e0200000)
 ParOldGen       total 884224K, used 621996K [0x0000000080000000, 0x00000000b5f80000, 0x00000000d5580000)
  object space 884224K, 70% used [0x0000000080000000,0x00000000a5f6b1f8,0x00000000b5f80000)
 Metaspace       used 89241K, committed 91200K, reserved 1179648K
  class space    used 9495K, committed 10368K, reserved 1048576K
}
Event: 515.950 GC heap before
{Heap before GC invocations=2198 (full 4):
 PSYoungGen      total 142848K, used 142385K [0x00000000d5580000, 0x00000000e0200000, 0x0000000100000000)
  eden space 135680K, 100% used [0x00000000d5580000,0x00000000dda00000,0x00000000dda00000)
  from space 7168K, 93% used [0x00000000dda00000,0x00000000de08c7a0,0x00000000de100000)
  to   space 7680K, 0% used [0x00000000dfa80000,0x00000000dfa80000,0x00000000e0200000)
 ParOldGen       total 884224K, used 621996K [0x0000000080000000, 0x00000000b5f80000, 0x00000000d5580000)
  object space 884224K, 70% used [0x0000000080000000,0x00000000a5f6b1f8,0x00000000b5f80000)
 Metaspace       used 89241K, committed 91200K, reserved 1179648K
  class space    used 9495K, committed 10368K, reserved 1048576K
}
Event: 519.425 GC heap after
{Heap after GC invocations=2198 (full 4):
 PSYoungGen      total 154112K, used 7648K [0x00000000d5580000, 0x00000000e2080000, 0x0000000100000000)
  eden space 146432K, 0% used [0x00000000d5580000,0x00000000d5580000,0x00000000de480000)
  from space 7680K, 99% used [0x00000000dfa80000,0x00000000e01f8008,0x00000000e0200000)
  to   space 22528K, 0% used [0x00000000de480000,0x00000000de480000,0x00000000dfa80000)
 ParOldGen       total 884224K, used 634063K [0x0000000080000000, 0x00000000b5f80000, 0x00000000d5580000)
  object space 884224K, 71% used [0x0000000080000000,0x00000000a6b33dc0,0x00000000b5f80000)
 Metaspace       used 89241K, committed 91200K, reserved 1179648K
  class space    used 9495K, committed 10368K, reserved 1048576K
}
Event: 672.295 GC heap before
{Heap before GC invocations=2199 (full 4):
 PSYoungGen      total 154112K, used 153857K [0x00000000d5580000, 0x00000000e2080000, 0x0000000100000000)
  eden space 146432K, 99% used [0x00000000d5580000,0x00000000de4486a8,0x00000000de480000)
  from space 7680K, 99% used [0x00000000dfa80000,0x00000000e01f8008,0x00000000e0200000)
  to   space 22528K, 0% used [0x00000000de480000,0x00000000de480000,0x00000000dfa80000)
 ParOldGen       total 884224K, used 634063K [0x0000000080000000, 0x00000000b5f80000, 0x00000000d5580000)
  object space 884224K, 71% used [0x0000000080000000,0x00000000a6b33dc0,0x00000000b5f80000)
 Metaspace       used 89384K, committed 91392K, reserved 1179648K
  class space    used 9499K, committed 10368K, reserved 1048576K
}
Event: 678.159 GC heap after
{Heap after GC invocations=2199 (full 4):
 PSYoungGen      total 168960K, used 7678K [0x00000000d5580000, 0x00000000e1980000, 0x0000000100000000)
  eden space 146432K, 0% used [0x00000000d5580000,0x00000000d5580000,0x00000000de480000)
  from space 22528K, 34% used [0x00000000de480000,0x00000000debff9e8,0x00000000dfa80000)
  to   space 12288K, 0% used [0x00000000e0d80000,0x00000000e0d80000,0x00000000e1980000)
 ParOldGen       total 884224K, used 641176K [0x0000000080000000, 0x00000000b5f80000, 0x00000000d5580000)
  object space 884224K, 72% used [0x0000000080000000,0x00000000a72261d8,0x00000000b5f80000)
 Metaspace       used 89384K, committed 91392K, reserved 1179648K
  class space    used 9499K, committed 10368K, reserved 1048576K
}
Event: 694.903 GC heap before
{Heap before GC invocations=2200 (full 4):
 PSYoungGen      total 168960K, used 154110K [0x00000000d5580000, 0x00000000e1980000, 0x0000000100000000)
  eden space 146432K, 100% used [0x00000000d5580000,0x00000000de480000,0x00000000de480000)
  from space 22528K, 34% used [0x00000000de480000,0x00000000debff9e8,0x00000000dfa80000)
  to   space 12288K, 0% used [0x00000000e0d80000,0x00000000e0d80000,0x00000000e1980000)
 ParOldGen       total 884224K, used 641176K [0x0000000080000000, 0x00000000b5f80000, 0x00000000d5580000)
  object space 884224K, 72% used [0x0000000080000000,0x00000000a72261d8,0x00000000b5f80000)
 Metaspace       used 90493K, committed 92416K, reserved 1179648K
  class space    used 9561K, committed 10432K, reserved 1048576K
}
Event: 695.194 GC heap after
{Heap after GC invocations=2200 (full 4):
 PSYoungGen      total 179200K, used 2903K [0x00000000d5580000, 0x00000000e1080000, 0x0000000100000000)
  eden space 176128K, 0% used [0x00000000d5580000,0x00000000d5580000,0x00000000e0180000)
  from space 3072K, 94% used [0x00000000e0d80000,0x00000000e1055c78,0x00000000e1080000)
  to   space 5632K, 0% used [0x00000000e0580000,0x00000000e0580000,0x00000000e0b00000)
 ParOldGen       total 884224K, used 648051K [0x0000000080000000, 0x00000000b5f80000, 0x00000000d5580000)
  object space 884224K, 73% used [0x0000000080000000,0x00000000a78dce68,0x00000000b5f80000)
 Metaspace       used 90493K, committed 92416K, reserved 1179648K
  class space    used 9561K, committed 10432K, reserved 1048576K
}
Event: 733.305 GC heap before
{Heap before GC invocations=2201 (full 4):
 PSYoungGen      total 179200K, used 179031K [0x00000000d5580000, 0x00000000e1080000, 0x0000000100000000)
  eden space 176128K, 100% used [0x00000000d5580000,0x00000000e0180000,0x00000000e0180000)
  from space 3072K, 94% used [0x00000000e0d80000,0x00000000e1055c78,0x00000000e1080000)
  to   space 5632K, 0% used [0x00000000e0580000,0x00000000e0580000,0x00000000e0b00000)
 ParOldGen       total 884224K, used 648051K [0x0000000080000000, 0x00000000b5f80000, 0x00000000d5580000)
  object space 884224K, 73% used [0x0000000080000000,0x00000000a78dce68,0x00000000b5f80000)
 Metaspace       used 91164K, committed 93184K, reserved 1179648K
  class space    used 9603K, committed 10496K, reserved 1048576K
}
Event: 742.128 GC heap after
{Heap after GC invocations=2201 (full 4):
 PSYoungGen      total 181760K, used 5616K [0x00000000d5580000, 0x00000000e1080000, 0x0000000100000000)
  eden space 176128K, 0% used [0x00000000d5580000,0x00000000d5580000,0x00000000e0180000)
  from space 5632K, 99% used [0x00000000e0580000,0x00000000e0afc010,0x00000000e0b00000)
  to   space 3072K, 0% used [0x00000000e0d80000,0x00000000e0d80000,0x00000000e1080000)
 ParOldGen       total 884224K, used 654929K [0x0000000080000000, 0x00000000b5f80000, 0x00000000d5580000)
  object space 884224K, 74% used [0x0000000080000000,0x00000000a7f946b8,0x00000000b5f80000)
 Metaspace       used 91164K, committed 93184K, reserved 1179648K
  class space    used 9603K, committed 10496K, reserved 1048576K
}

Dll operation events (20 events):
Event: 0.088 Attempting to load shared library C:\Users\Dinopc\.vscode\extensions\redhat.java-1.56.0-win32-x64\jre\21.0.12.1-win32-x86_64\bin\nio.dll
Event: 0.088 Loaded shared library C:\Users\Dinopc\.vscode\extensions\redhat.java-1.56.0-win32-x64\jre\21.0.12.1-win32-x86_64\bin\nio.dll
Event: 0.091 Attempting to load shared library C:\Users\Dinopc\.vscode\extensions\redhat.java-1.56.0-win32-x64\jre\21.0.12.1-win32-x86_64\bin\zip.dll
Event: 0.091 Loaded shared library C:\Users\Dinopc\.vscode\extensions\redhat.java-1.56.0-win32-x64\jre\21.0.12.1-win32-x86_64\bin\zip.dll
Event: 0.103 Attempting to load shared library C:\Users\Dinopc\.vscode\extensions\redhat.java-1.56.0-win32-x64\jre\21.0.12.1-win32-x86_64\bin\jimage.dll
Event: 0.103 Loaded shared library C:\Users\Dinopc\.vscode\extensions\redhat.java-1.56.0-win32-x64\jre\21.0.12.1-win32-x86_64\bin\jimage.dll
Event: 0.157 Attempting to load shared library c:\Users\Dinopc\.vscode\extensions\redhat.java-1.56.0-win32-x64\jre\21.0.12.1-win32-x86_64\bin\verify.dll
Event: 0.158 Loaded shared library c:\Users\Dinopc\.vscode\extensions\redhat.java-1.56.0-win32-x64\jre\21.0.12.1-win32-x86_64\bin\verify.dll
Event: 1.145 Attempting to load shared library C:\Users\Dinopc\AppData\Roaming\Code\User\globalStorage\redhat.java\1.56.0\config_win\org.eclipse.equinox.launcher\org.eclipse.equinox.launcher.win32.win32.x86_64_1.3.100.v20260804-1928\eclipse_11924.dll
Event: 1.146 Loaded shared library C:\Users\Dinopc\AppData\Roaming\Code\User\globalStorage\redhat.java\1.56.0\config_win\org.eclipse.equinox.launcher\org.eclipse.equinox.launcher.win32.win32.x86_64_1.3.100.v20260804-1928\eclipse_11924.dll
Event: 2.003 Attempting to load shared library C:\Users\Dinopc\.vscode\extensions\redhat.java-1.56.0-win32-x64\jre\21.0.12.1-win32-x86_64\bin\management.dll
Event: 2.003 Loaded shared library C:\Users\Dinopc\.vscode\extensions\redhat.java-1.56.0-win32-x64\jre\21.0.12.1-win32-x86_64\bin\management.dll
Event: 2.005 Attempting to load shared library C:\Users\Dinopc\.vscode\extensions\redhat.java-1.56.0-win32-x64\jre\21.0.12.1-win32-x86_64\bin\management_ext.dll
Event: 2.006 Loaded shared library C:\Users\Dinopc\.vscode\extensions\redhat.java-1.56.0-win32-x64\jre\21.0.12.1-win32-x86_64\bin\management_ext.dll
Event: 2.973 Attempting to load shared library C:\Users\Dinopc\AppData\Local\Temp\jna-2047139225\jna332751962162812447.dll
Event: 5.422 Loaded shared library C:\Users\Dinopc\AppData\Local\Temp\jna-2047139225\jna332751962162812447.dll
Event: 5.689 Attempting to load shared library C:\Users\Dinopc\.vscode\extensions\redhat.java-1.56.0-win32-x64\jre\21.0.12.1-win32-x86_64\bin\sunmscapi.dll
Event: 5.693 Loaded shared library C:\Users\Dinopc\.vscode\extensions\redhat.java-1.56.0-win32-x64\jre\21.0.12.1-win32-x86_64\bin\sunmscapi.dll
Event: 6.066 Attempting to load shared library C:\Users\Dinopc\.vscode\extensions\redhat.java-1.56.0-win32-x64\jre\21.0.12.1-win32-x86_64\bin\extnet.dll
Event: 6.099 Loaded shared library C:\Users\Dinopc\.vscode\extensions\redhat.java-1.56.0-win32-x64\jre\21.0.12.1-win32-x86_64\bin\extnet.dll

Deoptimization events (20 events):
Event: 727.970 Thread 0x000002936cbbf5a0 Uncommon trap: trap_request=0xffffffbe fr.pc=0x0000029318c08c98 relative=0x0000000000001278
Event: 727.970 Thread 0x000002936cbbf5a0 Uncommon trap: reason=profile_predicate action=maybe_recompile pc=0x0000029318c08c98 method=java.lang.StringLatin1.replace([BI[BI[BI)Ljava/lang/String; @ 180 c2
Event: 727.970 Thread 0x000002936cbbf5a0 DEOPT PACKING pc=0x0000029318c08c98 sp=0x000000a64a9fdfd0
Event: 727.970 Thread 0x000002936cbbf5a0 DEOPT UNPACKING pc=0x0000029317173aa2 sp=0x000000a64a9fdf70 mode 2
Event: 727.970 Thread 0x000002936cbbf5a0 Uncommon trap: trap_request=0xffffffbe fr.pc=0x0000029318c08c98 relative=0x0000000000001278
Event: 727.970 Thread 0x000002936cbbf5a0 Uncommon trap: reason=profile_predicate action=maybe_recompile pc=0x0000029318c08c98 method=java.lang.StringLatin1.replace([BI[BI[BI)Ljava/lang/String; @ 180 c2
Event: 727.970 Thread 0x000002936cbbf5a0 DEOPT PACKING pc=0x0000029318c08c98 sp=0x000000a64a9fdfd0
Event: 727.970 Thread 0x000002936cbbf5a0 DEOPT UNPACKING pc=0x0000029317173aa2 sp=0x000000a64a9fdf70 mode 2
Event: 727.981 Thread 0x000002936cbc30b0 Uncommon trap: trap_request=0xffffffbe fr.pc=0x0000029318c08c98 relative=0x0000000000001278
Event: 727.981 Thread 0x000002936cbc30b0 Uncommon trap: reason=profile_predicate action=maybe_recompile pc=0x0000029318c08c98 method=java.lang.StringLatin1.replace([BI[BI[BI)Ljava/lang/String; @ 180 c2
Event: 727.981 Thread 0x000002936cbc30b0 DEOPT PACKING pc=0x0000029318c08c98 sp=0x000000a64bcfe320
Event: 727.981 Thread 0x000002936cbc30b0 DEOPT UNPACKING pc=0x0000029317173aa2 sp=0x000000a64bcfe2c0 mode 2
Event: 733.095 Thread 0x000002936cbc2a20 Uncommon trap: trap_request=0xffffff45 fr.pc=0x0000029317ad59d0 relative=0x00000000000005f0
Event: 733.095 Thread 0x000002936cbc2a20 Uncommon trap: reason=unstable_if action=reinterpret pc=0x0000029317ad59d0 method=org.apache.maven.model.Dependency.setLocation(Ljava/lang/Object;Lorg/apache/maven/model/InputLocation;)V @ 19 c2
Event: 733.095 Thread 0x000002936cbc2a20 DEOPT PACKING pc=0x0000029317ad59d0 sp=0x000000a649ffcea0
Event: 733.095 Thread 0x000002936cbc2a20 DEOPT UNPACKING pc=0x0000029317173aa2 sp=0x000000a649ffce38 mode 2
Event: 745.133 Thread 0x000002936cbc2a20 Uncommon trap: trap_request=0xffffff54 fr.pc=0x0000029317e1d434 relative=0x00000000000012b4
Event: 745.133 Thread 0x000002936cbc2a20 Uncommon trap: reason=speculate_null_assert action=make_not_entrant pc=0x0000029317e1d434 method=com.google.common.cache.LocalCache$Segment.drainRecencyQueue()V @ 14 c2
Event: 745.133 Thread 0x000002936cbc2a20 DEOPT PACKING pc=0x0000029317e1d434 sp=0x000000a649ffdf30
Event: 745.133 Thread 0x000002936cbc2a20 DEOPT UNPACKING pc=0x0000029317173aa2 sp=0x000000a649ffdc28 mode 2

Classes loaded (20 events):
Event: 173.392 Loading class java/util/concurrent/CompletableFuture$UniWhenComplete
Event: 173.392 Loading class java/util/concurrent/CompletableFuture$UniWhenComplete done
Event: 173.392 Loading class java/util/concurrent/CompletableFuture$UniCompose
Event: 173.393 Loading class java/util/concurrent/CompletableFuture$UniCompose done
Event: 173.393 Loading class java/util/concurrent/CompletableFuture$UniRelay
Event: 173.393 Loading class java/util/concurrent/CompletableFuture$UniRelay done
Event: 421.241 Loading class java/util/ArrayDeque$DeqSpliterator
Event: 421.242 Loading class java/util/ArrayDeque$DeqSpliterator done
Event: 439.632 Loading class javax/xml/transform/TransformerConfigurationException
Event: 439.632 Loading class javax/xml/transform/TransformerConfigurationException done
Event: 450.697 Loading class java/util/concurrent/ArrayBlockingQueue
Event: 450.697 Loading class java/util/concurrent/ArrayBlockingQueue done
Event: 450.779 Loading class java/util/concurrent/ConcurrentHashMap$KeySpliterator
Event: 450.779 Loading class java/util/concurrent/ConcurrentHashMap$KeySpliterator done
Event: 457.978 Loading class java/lang/Runtime$VersionPattern
Event: 457.979 Loading class java/lang/Runtime$VersionPattern done
Event: 475.755 Loading class java/util/concurrent/ConcurrentHashMap$TreeNode
Event: 475.755 Loading class java/util/concurrent/ConcurrentHashMap$TreeNode done
Event: 475.755 Loading class java/util/concurrent/ConcurrentHashMap$TreeBin
Event: 475.756 Loading class java/util/concurrent/ConcurrentHashMap$TreeBin done

Classes unloaded (20 events):
Event: 411.476 Thread 0x000002930b3d3b50 Unloading class 0x000002932581d988 'org/codehaus/plexus/interpolation/BasicInterpolator'
Event: 411.476 Thread 0x000002930b3d3b50 Unloading class 0x000002932581d788 'org/codehaus/plexus/interpolation/ValueSource'
Event: 411.476 Thread 0x000002930b3d3b50 Unloading class 0x000002932581d540 'org/apache/maven/shared/filtering/ChangeDetection'
Event: 411.476 Thread 0x000002930b3d3b50 Unloading class 0x000002932581d158 'org/apache/maven/shared/filtering/MavenResourcesExecution'
Event: 411.476 Thread 0x000002930b3d3b50 Unloading class 0x000002932581ce60 'org/apache/maven/shared/filtering/AbstractMavenFilteringRequest'
Event: 411.476 Thread 0x000002930b3d3b50 Unloading class 0x000002932581cc00 'org/apache/maven/shared/filtering/MavenFilteringException'
Event: 411.476 Thread 0x000002930b3d3b50 Unloading class 0x000002932581c8e0 'org/codehaus/plexus/build/DefaultBuildContext'
Event: 411.476 Thread 0x000002930b3d3b50 Unloading class 0x000002932581c6e0 'org/codehaus/plexus/build/BuildContext'
Event: 411.476 Thread 0x000002930b3d3b50 Unloading class 0x000002932581c490 'org/apache/maven/shared/filtering/DefaultMavenResourcesFiltering'
Event: 411.476 Thread 0x000002930b3d3b50 Unloading class 0x000002932581c290 'org/apache/maven/shared/filtering/MavenResourcesFiltering'
Event: 411.476 Thread 0x000002930b3d3b50 Unloading class 0x000002932581c000 'org/apache/maven/shared/filtering/DefaultMavenReaderFilter'
Event: 411.476 Thread 0x000002930b3d3b50 Unloading class 0x0000029325814c20 'org/apache/maven/shared/filtering/MavenReaderFilter'
Event: 411.476 Thread 0x000002930b3d3b50 Unloading class 0x0000029325814960 'org/apache/maven/shared/filtering/DefaultMavenFileFilter'
Event: 411.476 Thread 0x000002930b3d3b50 Unloading class 0x0000029325814710 'org/apache/maven/shared/filtering/BaseFilter'
Event: 411.476 Thread 0x000002930b3d3b50 Unloading class 0x0000029325814510 'org/apache/maven/shared/filtering/MavenFileFilter'
Event: 411.476 Thread 0x000002930b3d3b50 Unloading class 0x0000029325814310 'org/apache/maven/shared/filtering/DefaultFilterInfo'
Event: 411.476 Thread 0x000002930b3d3b50 Unloading class 0x0000029325814000 'org/apache/maven/plugins/resources/TestResourcesMojo'
Event: 411.476 Thread 0x000002930b3d3b50 Unloading class 0x000002932580c400 'org/apache/maven/plugins/maven_resources_plugin/HelpMojo'
Event: 411.476 Thread 0x000002930b3d3b50 Unloading class 0x000002932580cb10 'org/apache/maven/plugins/resources/CopyResourcesMojo'
Event: 411.476 Thread 0x000002930b3d3b50 Unloading class 0x000002932580c800 'org/apache/maven/plugins/resources/ResourcesMojo'

Classes redefined (0 events):
No events

Internal exceptions (20 events):
Event: 510.829 Thread 0x000002936a8c8ec0 Exception <a 'sun/nio/fs/WindowsException'{0x00000000dba083b0}> (0x00000000dba083b0) 
thrown [s\src\hotspot\share\prims\jni.cpp, line 520]
Event: 514.245 Thread 0x000002936a8c8ec0 Exception <a 'sun/nio/fs/WindowsException'{0x00000000d5a5ee10}> (0x00000000d5a5ee10) 
thrown [s\src\hotspot\share\prims\jni.cpp, line 520]
Event: 514.275 Thread 0x000002936a8c8ec0 Exception <a 'sun/nio/fs/WindowsException'{0x00000000d6404c38}> (0x00000000d6404c38) 
thrown [s\src\hotspot\share\prims\jni.cpp, line 520]
Event: 514.299 Thread 0x000002936a8c8ec0 Exception <a 'sun/nio/fs/WindowsException'{0x00000000d6c0a958}> (0x00000000d6c0a958) 
thrown [s\src\hotspot\share\prims\jni.cpp, line 520]
Event: 514.404 Thread 0x000002936a8c8ec0 Exception <a 'sun/nio/fs/WindowsException'{0x00000000da00f998}> (0x00000000da00f998) 
thrown [s\src\hotspot\share\prims\jni.cpp, line 520]
Event: 514.417 Thread 0x000002936a8c8ec0 Exception <a 'sun/nio/fs/WindowsException'{0x00000000da061958}> (0x00000000da061958) 
thrown [s\src\hotspot\share\prims\jni.cpp, line 520]
Event: 514.433 Thread 0x000002936a8c8ec0 Exception <a 'sun/nio/fs/WindowsException'{0x00000000da211ca0}> (0x00000000da211ca0) 
thrown [s\src\hotspot\share\prims\jni.cpp, line 520]
Event: 520.044 Thread 0x000002936a8c8ec0 Exception <a 'sun/nio/fs/WindowsException'{0x00000000d9b43658}> (0x00000000d9b43658) 
thrown [s\src\hotspot\share\prims\jni.cpp, line 520]
Event: 520.072 Thread 0x000002936a8c8ec0 Exception <a 'sun/nio/fs/WindowsException'{0x00000000daa8c5d0}> (0x00000000daa8c5d0) 
thrown [s\src\hotspot\share\prims\jni.cpp, line 520]
Event: 520.083 Thread 0x000002936a8c8ec0 Exception <a 'sun/nio/fs/WindowsException'{0x00000000dab959a8}> (0x00000000dab959a8) 
thrown [s\src\hotspot\share\prims\jni.cpp, line 520]
Event: 520.112 Thread 0x000002936a8c8ec0 Exception <a 'sun/nio/fs/WindowsException'{0x00000000db48bad0}> (0x00000000db48bad0) 
thrown [s\src\hotspot\share\prims\jni.cpp, line 520]
Event: 520.125 Thread 0x000002936a8c8ec0 Exception <a 'sun/nio/fs/WindowsException'{0x00000000db5b61f0}> (0x00000000db5b61f0) 
thrown [s\src\hotspot\share\prims\jni.cpp, line 520]
Event: 520.152 Thread 0x000002936a8c8ec0 Exception <a 'sun/nio/fs/WindowsException'{0x00000000dbcf2140}> (0x00000000dbcf2140) 
thrown [s\src\hotspot\share\prims\jni.cpp, line 520]
Event: 520.166 Thread 0x000002936a8c8ec0 Exception <a 'sun/nio/fs/WindowsException'{0x00000000dbf15208}> (0x00000000dbf15208) 
thrown [s\src\hotspot\share\prims\jni.cpp, line 520]
Event: 521.379 Thread 0x000002936a8c8ec0 Exception <a 'java/io/FileNotFoundException'{0x00000000dbf286b0}> (0x00000000dbf286b0) 
thrown [s\src\hotspot\share\prims\jni.cpp, line 520]
Event: 680.857 Thread 0x000002936ec08910 Exception <a 'java/lang/ArrayIndexOutOfBoundsException'{0x00000000d7f83c18}: Index 304 out of bounds for length 303> (0x00000000d7f83c18) 
thrown [s\src\hotspot\share\interpreter\interpreterRuntime.cpp, line 439]
Event: 683.359 Thread 0x000002936d56b7e0 Exception <a 'java/lang/ArrayIndexOutOfBoundsException'{0x00000000da23b6c0}: Index 1233 out of bounds for length 1233> (0x00000000da23b6c0) 
thrown [s\src\hotspot\share\interpreter\interpreterRuntime.cpp, line 439]
Event: 683.676 Thread 0x000002936ec01980 Exception <a 'java/io/FileNotFoundException'{0x00000000da98b078}> (0x00000000da98b078) 
thrown [s\src\hotspot\share\prims\jni.cpp, line 520]
Event: 684.260 Thread 0x000002936d56b7e0 Implicit null exception at 0x0000029317947cb6 to 0x0000029317948734
Event: 684.635 Thread 0x000002936d56b7e0 Implicit null exception at 0x00000293178b8aa9 to 0x00000293178b94a8

ZGC Phase Switch (0 events):
No events

VM Operations (20 events):
Event: 724.135 Executing safepoint VM operation: Cleanup
Event: 724.135 Executing safepoint VM operation: Cleanup done
Event: 725.136 Executing safepoint VM operation: Cleanup
Event: 725.136 Executing safepoint VM operation: Cleanup done
Event: 726.151 Executing safepoint VM operation: Cleanup
Event: 726.151 Executing safepoint VM operation: Cleanup done
Event: 727.159 Executing safepoint VM operation: Cleanup
Event: 727.159 Executing safepoint VM operation: Cleanup done
Event: 729.173 Executing safepoint VM operation: Cleanup
Event: 729.173 Executing safepoint VM operation: Cleanup done
Event: 731.183 Executing safepoint VM operation: Cleanup
Event: 731.183 Executing safepoint VM operation: Cleanup done
Event: 733.201 Executing safepoint VM operation: Cleanup
Event: 733.281 Executing safepoint VM operation: Cleanup done
Event: 733.305 Executing safepoint VM operation: ParallelGCFailedAllocation (Allocation Failure)
Event: 742.129 Executing safepoint VM operation: ParallelGCFailedAllocation (Allocation Failure) done
Event: 744.146 Executing safepoint VM operation: Cleanup
Event: 744.146 Executing safepoint VM operation: Cleanup done
Event: 745.161 Executing safepoint VM operation: Cleanup
Event: 745.161 Executing safepoint VM operation: Cleanup done

Memory protections (0 events):
No events

Nmethod flushes (20 events):
Event: 411.519 Thread 0x000002930b3d3b50 flushing  nmethod 0x0000029310f10410
Event: 411.519 Thread 0x000002930b3d3b50 flushing  nmethod 0x0000029310f1c410
Event: 411.519 Thread 0x000002930b3d3b50 flushing  nmethod 0x0000029310f30990
Event: 411.519 Thread 0x000002930b3d3b50 flushing  nmethod 0x0000029310f3be10
Event: 411.519 Thread 0x000002930b3d3b50 flushing  nmethod 0x0000029310f48f90
Event: 411.519 Thread 0x000002930b3d3b50 flushing  nmethod 0x0000029310f51e90
Event: 411.519 Thread 0x000002930b3d3b50 flushing  nmethod 0x0000029310f52f10
Event: 411.519 Thread 0x000002930b3d3b50 flushing  nmethod 0x0000029310f54910
Event: 411.519 Thread 0x000002930b3d3b50 flushing  nmethod 0x0000029310f5af90
Event: 411.519 Thread 0x000002930b3d3b50 flushing  nmethod 0x0000029310f63f10
Event: 411.519 Thread 0x000002930b3d3b50 flushing  nmethod 0x0000029310f64b10
Event: 411.519 Thread 0x000002930b3d3b50 flushing  nmethod 0x0000029310f84a90
Event: 411.519 Thread 0x000002930b3d3b50 flushing  nmethod 0x0000029310fc4a10
Event: 411.519 Thread 0x000002930b3d3b50 flushing  nmethod 0x0000029310fc5190
Event: 411.519 Thread 0x000002930b3d3b50 flushing  nmethod 0x0000029310ff2010
Event: 411.519 Thread 0x000002930b3d3b50 flushing  nmethod 0x0000029311076310
Event: 411.519 Thread 0x000002930b3d3b50 flushing  nmethod 0x0000029311864410
Event: 411.519 Thread 0x000002930b3d3b50 flushing  nmethod 0x0000029311865e90
Event: 411.519 Thread 0x000002930b3d3b50 flushing  nmethod 0x000002931186f310
Event: 411.519 Thread 0x000002930b3d3b50 flushing  nmethod 0x0000029311873290

Events (20 events):
Event: 725.414 Thread 0x000002936d56be70 Thread added: 0x000002936cbbf5a0
Event: 725.417 Thread 0x000002936d56be70 Thread added: 0x000002936cbc30b0
Event: 725.419 Thread 0x000002936d56be70 Thread added: 0x000002936cbbfc30
Event: 725.422 Thread 0x000002936d56be70 Thread added: 0x000002936cbc5810
Event: 725.424 Thread 0x000002936d56be70 Thread added: 0x000002936cbc5180
Event: 727.167 Thread 0x000002936cbc30b0 Thread exited: 0x000002936cbc30b0
Event: 727.167 Thread 0x000002936cbbfc30 Thread exited: 0x000002936cbbfc30
Event: 727.167 Thread 0x000002936cbbf5a0 Thread exited: 0x000002936cbbf5a0
Event: 727.167 Thread 0x000002936cbc5810 Thread exited: 0x000002936cbc5810
Event: 727.167 Thread 0x000002936cbc5180 Thread exited: 0x000002936cbc5180
Event: 727.947 Thread 0x000002936d56be70 Thread added: 0x000002936cbbf5a0
Event: 727.950 Thread 0x000002936d56be70 Thread added: 0x000002936cbc30b0
Event: 727.973 Thread 0x000002936d56be70 Thread added: 0x000002936cbbfc30
Event: 727.975 Thread 0x000002936d56be70 Thread added: 0x000002936cbc6530
Event: 727.977 Thread 0x000002936d56be70 Thread added: 0x000002936cbc4af0
Event: 728.146 Thread 0x000002936cbbf5a0 Thread exited: 0x000002936cbbf5a0
Event: 728.146 Thread 0x000002936cbc30b0 Thread exited: 0x000002936cbc30b0
Event: 728.146 Thread 0x000002936cbc4af0 Thread exited: 0x000002936cbc4af0
Event: 728.146 Thread 0x000002936cbbfc30 Thread exited: 0x000002936cbbfc30
Event: 728.146 Thread 0x000002936cbc6530 Thread exited: 0x000002936cbc6530


Dynamic libraries:
0x00007ff7bbdc0000 - 0x00007ff7bbdce000 	c:\Users\Dinopc\.vscode\extensions\redhat.java-1.56.0-win32-x64\jre\21.0.12.1-win32-x86_64\bin\java.exe
0x00007ffc87940000 - 0x00007ffc87ba7000 	C:\WINDOWS\SYSTEM32\ntdll.dll
0x00007ffc60240000 - 0x00007ffc60261000 	C:\Program Files\Avast Software\Avast\aswhook.dll
0x00007ffc869d0000 - 0x00007ffc86a9b000 	C:\WINDOWS\System32\KERNEL32.DLL
0x00007ffc850c0000 - 0x00007ffc854c2000 	C:\WINDOWS\System32\KERNELBASE.dll
0x00007ffc84df0000 - 0x00007ffc84f3c000 	C:\WINDOWS\System32\ucrtbase.dll
0x00007ffc6e7a0000 - 0x00007ffc6e7be000 	c:\Users\Dinopc\.vscode\extensions\redhat.java-1.56.0-win32-x64\jre\21.0.12.1-win32-x86_64\bin\VCRUNTIME140.dll
0x00007ffc70630000 - 0x00007ffc70648000 	c:\Users\Dinopc\.vscode\extensions\redhat.java-1.56.0-win32-x64\jre\21.0.12.1-win32-x86_64\bin\jli.dll
0x00007ffc87170000 - 0x00007ffc8733f000 	C:\WINDOWS\System32\USER32.dll
0x00007ffc84fe0000 - 0x00007ffc85007000 	C:\WINDOWS\System32\win32u.dll
0x00007ffc856b0000 - 0x00007ffc856db000 	C:\WINDOWS\System32\GDI32.dll
0x00007ffc4e8a0000 - 0x00007ffc4eb30000 	C:\WINDOWS\WinSxS\amd64_microsoft.windows.common-controls_6595b64144ccf1df_6.0.26100.9278_none_3e0d1ba8e3303201\COMCTL32.dll
0x00007ffc84b40000 - 0x00007ffc84c69000 	C:\WINDOWS\System32\gdi32full.dll
0x00007ffc86920000 - 0x00007ffc869c9000 	C:\WINDOWS\System32\msvcrt.dll
0x00007ffc85010000 - 0x00007ffc850b3000 	C:\WINDOWS\System32\msvcp_win.dll
0x00007ffc87410000 - 0x00007ffc87441000 	C:\WINDOWS\System32\IMM32.DLL
0x00007ffc7e510000 - 0x00007ffc7e51c000 	c:\Users\Dinopc\.vscode\extensions\redhat.java-1.56.0-win32-x64\jre\21.0.12.1-win32-x86_64\bin\vcruntime140_1.dll
0x00007ffc493f0000 - 0x00007ffc4947d000 	c:\Users\Dinopc\.vscode\extensions\redhat.java-1.56.0-win32-x64\jre\21.0.12.1-win32-x86_64\bin\msvcp140.dll
0x00007ffbe6ef0000 - 0x00007ffbe7c92000 	c:\Users\Dinopc\.vscode\extensions\redhat.java-1.56.0-win32-x64\jre\21.0.12.1-win32-x86_64\bin\server\jvm.dll
0x00007ffc867d0000 - 0x00007ffc8688c000 	C:\WINDOWS\System32\ADVAPI32.dll
0x00007ffc87460000 - 0x00007ffc87509000 	C:\WINDOWS\System32\sechost.dll
0x00007ffc864f0000 - 0x00007ffc86608000 	C:\WINDOWS\System32\RPCRT4.dll
0x00007ffc86460000 - 0x00007ffc864e0000 	C:\WINDOWS\System32\WS2_32.dll
0x00007ffc849c0000 - 0x00007ffc84a1e000 	C:\WINDOWS\SYSTEM32\POWRPROF.dll
0x00007ffc7f9f0000 - 0x00007ffc7f9fb000 	C:\WINDOWS\SYSTEM32\VERSION.dll
0x00007ffc714a0000 - 0x00007ffc714d6000 	C:\WINDOWS\SYSTEM32\WINMM.dll
0x00007ffc849a0000 - 0x00007ffc849b5000 	C:\WINDOWS\SYSTEM32\UMPDC.dll
0x00007ffc837d0000 - 0x00007ffc837eb000 	C:\WINDOWS\SYSTEM32\kernel.appcore.dll
0x00007ffc79830000 - 0x00007ffc7983a000 	c:\Users\Dinopc\.vscode\extensions\redhat.java-1.56.0-win32-x64\jre\21.0.12.1-win32-x86_64\bin\jimage.dll
0x00007ffc7c370000 - 0x00007ffc7c5bc000 	C:\WINDOWS\SYSTEM32\DBGHELP.DLL
0x00007ffc86de0000 - 0x00007ffc87165000 	C:\WINDOWS\System32\combase.dll
0x00007ffc85b70000 - 0x00007ffc85c49000 	C:\WINDOWS\System32\OLEAUT32.dll
0x00007ffc7c010000 - 0x00007ffc7c04b000 	C:\WINDOWS\SYSTEM32\dbgcore.DLL
0x00007ffc84d30000 - 0x00007ffc84ddc000 	C:\WINDOWS\System32\bcryptPrimitives.dll
0x00007ffc79820000 - 0x00007ffc7982f000 	c:\Users\Dinopc\.vscode\extensions\redhat.java-1.56.0-win32-x64\jre\21.0.12.1-win32-x86_64\bin\instrument.dll
0x00007ffc70ba0000 - 0x00007ffc70bc0000 	c:\Users\Dinopc\.vscode\extensions\redhat.java-1.56.0-win32-x64\jre\21.0.12.1-win32-x86_64\bin\java.dll
0x00007ffc85c50000 - 0x00007ffc863e8000 	C:\WINDOWS\System32\SHELL32.dll
0x00007ffc82580000 - 0x00007ffc82e2e000 	C:\WINDOWS\SYSTEM32\windows.storage.dll
0x00007ffc86610000 - 0x00007ffc8670b000 	C:\WINDOWS\System32\SHCORE.dll
0x00007ffc87660000 - 0x00007ffc876c6000 	C:\WINDOWS\System32\shlwapi.dll
0x00007ffc84a60000 - 0x00007ffc84a89000 	C:\WINDOWS\SYSTEM32\profapi.dll
0x00007ffc70b80000 - 0x00007ffc70b98000 	c:\Users\Dinopc\.vscode\extensions\redhat.java-1.56.0-win32-x64\jre\21.0.12.1-win32-x86_64\bin\zip.dll
0x00007ffc70860000 - 0x00007ffc70870000 	C:\Users\Dinopc\.vscode\extensions\redhat.java-1.56.0-win32-x64\jre\21.0.12.1-win32-x86_64\bin\net.dll
0x00007ffc7e2e0000 - 0x00007ffc7e40a000 	C:\WINDOWS\SYSTEM32\WINHTTP.dll
0x00007ffc83d70000 - 0x00007ffc83ddc000 	C:\WINDOWS\system32\mswsock.dll
0x00007ffc5cb40000 - 0x00007ffc5cb56000 	C:\Users\Dinopc\.vscode\extensions\redhat.java-1.56.0-win32-x64\jre\21.0.12.1-win32-x86_64\bin\nio.dll
0x00007ffc70820000 - 0x00007ffc70830000 	c:\Users\Dinopc\.vscode\extensions\redhat.java-1.56.0-win32-x64\jre\21.0.12.1-win32-x86_64\bin\verify.dll
0x00007ffc62800000 - 0x00007ffc62845000 	C:\Users\Dinopc\AppData\Roaming\Code\User\globalStorage\redhat.java\1.56.0\config_win\org.eclipse.equinox.launcher\org.eclipse.equinox.launcher.win32.win32.x86_64_1.3.100.v20260804-1928\eclipse_11924.dll
0x00007ffc876d0000 - 0x00007ffc8786a000 	C:\WINDOWS\System32\ole32.dll
0x00007ffc6f400000 - 0x00007ffc6f40a000 	C:\Users\Dinopc\.vscode\extensions\redhat.java-1.56.0-win32-x64\jre\21.0.12.1-win32-x86_64\bin\management.dll
0x00007ffc68930000 - 0x00007ffc6893c000 	C:\Users\Dinopc\.vscode\extensions\redhat.java-1.56.0-win32-x64\jre\21.0.12.1-win32-x86_64\bin\management_ext.dll
0x00007ffc87630000 - 0x00007ffc87638000 	C:\WINDOWS\System32\PSAPI.DLL
0x00007ffc84190000 - 0x00007ffc841ab000 	C:\WINDOWS\SYSTEM32\CRYPTSP.dll
0x00007ffc83730000 - 0x00007ffc83769000 	C:\WINDOWS\system32\rsaenh.dll
0x00007ffc83e20000 - 0x00007ffc83e54000 	C:\WINDOWS\SYSTEM32\USERENV.dll
0x00007ffc84a30000 - 0x00007ffc84a5a000 	C:\WINDOWS\SYSTEM32\bcrypt.dll
0x00007ffc83fd0000 - 0x00007ffc83fdc000 	C:\WINDOWS\SYSTEM32\CRYPTBASE.dll
0x00007ffc83120000 - 0x00007ffc83153000 	C:\WINDOWS\SYSTEM32\IPHLPAPI.DLL
0x00007ffc86450000 - 0x00007ffc8645a000 	C:\WINDOWS\System32\NSI.dll
0x00007ffc53840000 - 0x00007ffc53889000 	C:\Users\Dinopc\AppData\Local\Temp\jna-2047139225\jna332751962162812447.dll
0x00007ffc7df70000 - 0x00007ffc7df8d000 	C:\WINDOWS\SYSTEM32\dhcpcsvc6.DLL
0x00007ffc7df40000 - 0x00007ffc7df65000 	C:\WINDOWS\SYSTEM32\dhcpcsvc.DLL
0x00007ffc68920000 - 0x00007ffc6892e000 	C:\Users\Dinopc\.vscode\extensions\redhat.java-1.56.0-win32-x64\jre\21.0.12.1-win32-x86_64\bin\sunmscapi.dll
0x00007ffc854d0000 - 0x00007ffc8564e000 	C:\WINDOWS\System32\CRYPT32.dll
0x00007ffc84270000 - 0x00007ffc842a0000 	C:\WINDOWS\SYSTEM32\ncrypt.dll
0x00007ffc84200000 - 0x00007ffc8423f000 	C:\WINDOWS\SYSTEM32\NTASN1.dll
0x00007ffc83160000 - 0x00007ffc832b8000 	C:\WINDOWS\SYSTEM32\DNSAPI.dll
0x00007ffc83b90000 - 0x00007ffc83b9d000 	C:\WINDOWS\SYSTEM32\DSPARSE.dll
0x00007ffc7a920000 - 0x00007ffc7a92b000 	C:\Windows\System32\rasadhlp.dll
0x00007ffc7c610000 - 0x00007ffc7c696000 	C:\WINDOWS\System32\fwpuclnt.dll
0x00007ffc65700000 - 0x00007ffc65709000 	C:\Users\Dinopc\.vscode\extensions\redhat.java-1.56.0-win32-x64\jre\21.0.12.1-win32-x86_64\bin\extnet.dll

JVMTI agents:
c:\Users\Dinopc\.vscode\extensions\redhat.java-1.56.0-win32-x64\lombok\lombok-1.18.39-4050.jar path:c:\Users\Dinopc\.vscode\extensions\redhat.java-1.56.0-win32-x64\jre\21.0.12.1-win32-x86_64\bin\instrument.dll, loaded, initialized, instrumentlib options:none

dbghelp: loaded successfully - version: 4.0.5 - missing functions: none
symbol engine: initialized successfully - sym options: 0x614 - pdb path: .;c:\Users\Dinopc\.vscode\extensions\redhat.java-1.56.0-win32-x64\jre\21.0.12.1-win32-x86_64\bin;C:\WINDOWS\SYSTEM32;C:\Program Files\Avast Software\Avast;C:\WINDOWS\WinSxS\amd64_microsoft.windows.common-controls_6595b64144ccf1df_6.0.26100.9278_none_3e0d1ba8e3303201;c:\Users\Dinopc\.vscode\extensions\redhat.java-1.56.0-win32-x64\jre\21.0.12.1-win32-x86_64\bin\server;C:\Users\Dinopc\AppData\Roaming\Code\User\globalStorage\redhat.java\1.56.0\config_win\org.eclipse.equinox.launcher\org.eclipse.equinox.launcher.win32.win32.x86_64_1.3.100.v20260804-1928;C:\Users\Dinopc\AppData\Local\Temp\jna-2047139225

VM Arguments:
jvm_args: --add-modules=ALL-SYSTEM --add-opens=java.base/java.util=ALL-UNNAMED --add-opens=java.base/java.lang=ALL-UNNAMED --add-opens=java.base/sun.nio.fs=ALL-UNNAMED -Declipse.application=org.eclipse.jdt.ls.core.id1 -Dosgi.bundles.defaultStartLevel=4 -Declipse.product=org.eclipse.jdt.ls.core.product -Djava.import.generatesMetadataFilesAtProjectRoot=false -Dm2e.project.cache.size=50 -DDetectVMInstallationsJob.disabled=true -Dfile.encoding=utf8 -XX:+UseParallelGC -XX:GCTimeRatio=4 -XX:AdaptiveSizePolicyWeight=90 -Dsun.zip.disableMemoryMapping=true -Xmx2G -Xms100m -Xlog:disable -javaagent:c:\Users\Dinopc\.vscode\extensions\redhat.java-1.56.0-win32-x64\lombok\lombok-1.18.39-4050.jar -XX:+HeapDumpOnOutOfMemoryError -XX:HeapDumpPath=c:\Users\Dinopc\AppData\Roaming\Code\User\workspaceStorage\01a045f455d53a8d5e899ab1d5eeb0e8\redhat.java -Daether.dependencyCollector.impl=bf 
java_command: c:\Users\Dinopc\.vscode\extensions\redhat.java-1.56.0-win32-x64\server\plugins\org.eclipse.equinox.launcher_1.8.0.v20260804-1928.jar -configuration c:\Users\Dinopc\AppData\Roaming\Code\User\globalStorage\redhat.java\1.56.0\config_win -data c:\Users\Dinopc\AppData\Roaming\Code\User\workspaceStorage\01a045f455d53a8d5e899ab1d5eeb0e8\redhat.java\jdt_ws --stdio
java_class_path (initial): c:\Users\Dinopc\.vscode\extensions\redhat.java-1.56.0-win32-x64\server\plugins\org.eclipse.equinox.launcher_1.8.0.v20260804-1928.jar
Launcher Type: SUN_STANDARD

[Global flags]
    uintx AdaptiveSizePolicyWeight                 = 90                                        {product} {command line}
     intx CICompilerCount                          = 3                                         {product} {ergonomic}
    uintx GCTimeRatio                              = 4                                         {product} {command line}
     bool HeapDumpOnOutOfMemoryError               = true                                   {manageable} {command line}
    ccstr HeapDumpPath                             = c:\Users\Dinopc\AppData\Roaming\Code\User\workspaceStorage\01a045f455d53a8d5e899ab1d5eeb0e8\redhat.java         {manageable} {command line}
   size_t InitialHeapSize                          = 104857600                                 {product} {command line}
   size_t MaxHeapSize                              = 2147483648                                {product} {command line}
   size_t MaxNewSize                               = 715653120                                 {product} {ergonomic}
   size_t MinHeapDeltaBytes                        = 524288                                    {product} {ergonomic}
   size_t MinHeapSize                              = 104857600                                 {product} {command line}
   size_t NewSize                                  = 34603008                                  {product} {ergonomic}
    uintx NonNMethodCodeHeapSize                   = 5832780                                {pd product} {ergonomic}
    uintx NonProfiledCodeHeapSize                  = 122912730                              {pd product} {ergonomic}
   size_t OldSize                                  = 70254592                                  {product} {ergonomic}
    uintx ProfiledCodeHeapSize                     = 122912730                              {pd product} {ergonomic}
    uintx ReservedCodeCacheSize                    = 251658240                              {pd product} {ergonomic}
     bool SegmentedCodeCache                       = true                                      {product} {ergonomic}
   size_t SoftMaxHeapSize                          = 2147483648                             {manageable} {ergonomic}
     bool UseCompressedOops                        = true                           {product lp64_product} {ergonomic}
     bool UseLargePagesIndividualAllocation        = false                                  {pd product} {ergonomic}
     bool UseParallelGC                            = true                                      {product} {command line}

Logging:
Log output configuration:
 #0: stdout all=off uptime,level,tags foldmultilines=false
 #1: stderr all=off uptime,level,tags foldmultilines=false

Release file:
JAVA_VERSION="21.0.12.1" 
MODULES="java.base java.compiler java.datatransfer java.xml java.prefs java.desktop java.instrument java.logging java.management java.security.sasl java.naming java.rmi java.management.rmi java.net.http java.scripting java.security.jgss java.transaction.xa java.sql java.sql.rowset java.xml.crypto java.se java.smartcardio jdk.accessibility jdk.internal.jvmstat jdk.attach jdk.charsets jdk.internal.opt jdk.zipfs jdk.compiler jdk.crypto.ec jdk.crypto.cryptoki jdk.crypto.mscapi jdk.dynalink jdk.internal.ed jdk.editpad jdk.hotspot.agent jdk.httpserver jdk.internal.le jdk.internal.vm.ci jdk.internal.vm.compiler jdk.internal.vm.compiler.management jdk.jartool jdk.javadoc jdk.jcmd jdk.management jdk.management.agent jdk.jconsole jdk.jdeps jdk.jdwp.agent jdk.jdi jdk.jfr jdk.jshell jdk.jsobject jdk.jstatd jdk.localedata jdk.management.jfr jdk.naming.dns jdk.naming.rmi jdk.net jdk.nio.mapmode jdk.random jdk.sctp jdk.security.auth jdk.security.jgss jdk.unsupported jdk.unsupported.desktop jdk.xml.dom" 

Environment Variables:
PATH=C:\Program Files\Common Files\Oracle\Java\javapath;C:\ProgramData\Oracle\Java\javapath;C:\Windows\system32;C:\Windows;C:\Windows\System32\Wbem;C:\Windows\System32\WindowsPowerShell\v1.0\;C:\Windows\System32\OpenSSH\;C:\Program Files (x86)\NVIDIA Corporation\PhysX\Common;C:\WINDOWS\system32;C:\WINDOWS;C:\WINDOWS\System32\Wbem;C:\WINDOWS\System32\WindowsPowerShell\v1.0\;C:\WINDOWS\System32\OpenSSH\;C:\WINDOWS\system32;C:\WINDOWS;C:\WINDOWS\System32\Wbem;C:\WINDOWS\System32\WindowsPowerShell\v1.0\;C:\WINDOWS\System32\OpenSSH\;C:\Program Files\Git\cmd;C:\Users\Dinopc\Downloads\flutter_windows_3.24.2-stable\flutter\bin;C:\Program Files\Microsoft SQL Server\150\Tools\Binn\;C:\Program Files\Microsoft SQL Server\Client SDK\ODBC\170\Tools\Binn\;C:\Program Files\dotnet\;C:\Program Files (x86)\Windows Kits\10\Windows Performance Toolkit\;C:\Program Files\nodejs\;C:\Users\Dinopc\.local\bin;C:\Users\Dinopc\anaconda3;C:\Users\Dinopc\anaconda3\Library\mingw-w64\bin;C:\Users\Dinopc\anaconda3\Library\usr\bin;C:\Users\Dinopc\anaconda3\Library\bin;C:\Users\Dinopc\anaconda3\Scripts;C:\Users\Dinopc\AppData\Local\Microsoft\WindowsApps;C:\Users\Dinopc\AppData\Local\Programs\Microsoft VS Code\bin;C:\Program Files\NASM;C:\Users\Dinopc\.dotnet\tools;C:\Users\Dinopc\AppData\Roaming\npm;C:\Users\Dinopc\AppData\Local\Programs\DockerDesktop\resources\bin
USERNAME=Dinopc
OS=Windows_NT
PROCESSOR_IDENTIFIER=Intel64 Family 6 Model 158 Stepping 10, GenuineIntel
TMP=C:\Users\Dinopc\AppData\Local\Temp
TEMP=C:\Users\Dinopc\AppData\Local\Temp




Periodic native trim disabled

---------------  S Y S T E M  ---------------

OS:
 Windows 11 , 64 bit Build 26100 (10.0.26100.9444)
OS uptime: 0 days 16:34 hours
Hyper-V role detected

CPU: total 6 (initial active 6) (6 cores per cpu, 1 threads per core) family 6 model 158 stepping 10 microcode 0xde, cx8, cmov, fxsr, mmx, 3dnowpref, sse, sse2, sse3, ssse3, sse4.1, sse4.2, popcnt, lzcnt, tsc, tscinvbit, avx, avx2, aes, erms, clmul, bmi1, bmi2, adx, fma, vzeroupper, clflush, clflushopt, hv, rdtscp, f16c
Processor Information for the first 6 processors :
  Max Mhz: 2808, Current Mhz: 2808, Mhz Limit: 2808

Memory: 4k page, system-wide physical 8116M (307M free)
TotalPageFile size 12212M (AvailPageFile size 9M)
current process WorkingSet (physical memory assigned to process): 1347M, peak: 1363M
current process commit charge ("private bytes"): 1422M, peak: 1469M

vm_info: OpenJDK 64-Bit Server VM (21.0.12.1+1-LTS) for windows-amd64 JRE (21.0.12.1+1-LTS), built on 2026-08-18T00:00:00Z by "admin" with MS VC++ 17.12 (VS2022)

END.
